src/components/model-diagnostics.tsx(8,57): error TS2339: Property 'selectedModel' does not exist on type '{ selectedFeatures: string[]; rmse: number; mae: number; bandHitRate: number; directionHitRate: number; featureImportance: Record<string, number>; generatedAt: string; }'.
src/components/model-diagnostics.tsx(18,35): error TS2339: Property 'selectedModel' does not exist on type '{ selectedFeatures: string[]; rmse: number; mae: number; bandHitRate: number; directionHitRate: number; featureImportance: Record<string, number>; generatedAt: string; }'.
src/components/model-diagnostics.tsx(19,34): error TS2339: Property 'selectedModel' does not exist on type '{ selectedFeatures: string[]; rmse: number; mae: number; bandHitRate: number; directionHitRate: number; featureImportance: Record<string, number>; generatedAt: string; }'.
src/components/model-diagnostics.tsx(20,33): error TS2339: Property 'selectedModel' does not exist on type '{ selectedFeatures: string[]; rmse: number; mae: number; bandHitRate: number; directionHitRate: number; featureImportance: Record<string, number>; generatedAt: string; }'.
src/components/model-diagnostics.tsx(28,26): error TS2339: Property 'selectedModel' does not exist on type '{ selectedFeatures: string[]; rmse: number; mae: number; bandHitRate: number; directionHitRate: number; featureImportance: Record<string, number>; generatedAt: string; }'.
src/components/model-diagnostics.tsx(28,54): error TS7006: Parameter 'feature' implicitly has an 'any' type.
src/components/model-diagnostics.tsx(38,26): error TS18046: 'value' is of type 'unknown'.
src/components/model-diagnostics.tsx(57,30): error TS2339: Property 'candidateRanking' does not exist on type '{ selectedFeatures: string[]; rmse: number; mae: number; bandHitRate: number; directionHitRate: number; featureImportance: Record<string, number>; generatedAt: string; }'.
src/components/model-diagnostics.tsx(57,52): error TS7006: Parameter 'candidate' implicitly has an 'any' type.
src/components/recent-diagnostics-table.tsx(29,26): error TS2339: Property 'recent30Diagnostics' does not exist on type '{ selectedFeatures: string[]; rmse: number; mae: number; bandHitRate: number; directionHitRate: number; featureImportance: Record<string, number>; generatedAt: string; }'.
src/components/recent-diagnostics-table.tsx(29,51): error TS7006: Parameter 'record' implicitly has an 'any' type.
